
2021-07-15 22:03:43,445 - root - ERROR - division by zero
Traceback (most recent call last):
  File "D:\Maze\prog\other\dromSearch\main.py", line 37, in <module>
    print(5 / 0)
ZeroDivisionError: division by zero

2021-07-15 22:07:15,623 - root - ERROR - division by zero
Traceback (most recent call last):
  File "D:\Maze\prog\other\dromSearch\main.py", line 37, in <module>
    print(5 / 0)
ZeroDivisionError: division by zero

2021-07-15 22:09:16,438 - root - ERROR - division by zero
Traceback (most recent call last):
  File "D:\Maze\prog\other\dromSearch\main.py", line 37, in <module>
    print(5 / 0)
ZeroDivisionError: division by zero

2021-07-15 22:11:02,156 - root - ERROR - division by zero
Traceback (most recent call last):
  File "D:\Maze\prog\other\dromSearch\main.py", line 37, in <module>
    print(5 / 0)
ZeroDivisionError: division by zero

2021-07-15 22:12:08,053 - root - ERROR - division by zero
Traceback (most recent call last):
  File "D:\Maze\prog\other\dromSearch\main.py", line 37, in <module>
    print(5 / 0)
ZeroDivisionError: division by zero

2021-07-15 22:12:27,310 - root - ERROR - division by zero
Traceback (most recent call last):
  File "D:\Maze\prog\other\dromSearch\main.py", line 37, in <module>
    print(5 / 0)
ZeroDivisionError: division by zero

2021-07-15 22:14:28,184 - root - ERROR - division by zero
Traceback (most recent call last):
  File "D:\Maze\prog\other\dromSearch\main.py", line 37, in <module>
    print(5 / 0)
ZeroDivisionError: division by zero

2021-07-15 22:16:55,027 - root - ERROR - division by zero
Traceback (most recent call last):
  File "D:\Maze\prog\other\dromSearch\main.py", line 37, in <module>
    print(5 / 0)
ZeroDivisionError: division by zero

2021-07-15 22:16:55,027 - root - INFO - division by zero

2021-07-15 22:17:18,451 - root - ERROR - division by zero
Traceback (most recent call last):
  File "D:\Maze\prog\other\dromSearch\main.py", line 37, in <module>
    print(5 / 0)
ZeroDivisionError: division by zero

2021-07-15 22:24:09,294 - root - ERROR - division by zero
Traceback (most recent call last):
  File "D:\Maze\prog\other\dromSearch\main.py", line 38, in <module>
    print(5 / 0)
ZeroDivisionError: division by zero

2021-07-15 22:24:29,072 - root - ERROR - division by zero
Traceback (most recent call last):
  File "D:\Maze\prog\other\dromSearch\main.py", line 38, in <module>
    print(5 / 0)
ZeroDivisionError: division by zero
